[0411/154219.791:INFO:CONSOLE(7)] "THREE.ColladaLoader: File version 1.4.0", source: file:///C:/Program%20Files/AnyLogic%208.9%20Personal%20Learning%20Edition/plugins/com.anylogic.graphics3d_8.9.8.202602271015/static/init.js (7)
[0411/154219.806:INFO:CONSOLE(13)] "Loaded: file:C:/Users/Admin/Desktop/BellyUp/3d/reseption_1.dae", source: file:///C:/Program%20Files/AnyLogic%208.9%20Personal%20Learning%20Edition/plugins/com.anylogic.graphics3d_8.9.8.202602271015/static/init.js (13)
[0411/154219.822:INFO:CONSOLE(13)] "Loaded: file:C:/Users/Admin/Desktop/BellyUp/3d/reseption_1.dae", source: file:///C:/Program%20Files/AnyLogic%208.9%20Personal%20Learning%20Edition/plugins/com.anylogic.graphics3d_8.9.8.202602271015/static/init.js (13)
[0411/154219.944:INFO:CONSOLE(7)] "THREE.ColladaLoader: File version 1.4.0", source: file:///C:/Program%20Files/AnyLogic%208.9%20Personal%20Learning%20Edition/plugins/com.anylogic.graphics3d_8.9.8.202602271015/static/init.js (7)
[0411/154219.983:INFO:CONSOLE(13)] "Loaded: file:C:/Users/Admin/Desktop/BellyUp/3d/table.dae", source: file:///C:/Program%20Files/AnyLogic%208.9%20Personal%20Learning%20Edition/plugins/com.anylogic.graphics3d_8.9.8.202602271015/static/init.js (13)
[0411/154219.989:INFO:CONSOLE(13)] "Loaded: file:C:/Users/Admin/Desktop/BellyUp/3d/table.dae", source: file:///C:/Program%20Files/AnyLogic%208.9%20Personal%20Learning%20Edition/plugins/com.anylogic.graphics3d_8.9.8.202602271015/static/init.js (13)
[0411/154220.012:INFO:CONSOLE(13)] "Loaded: file:C:/Users/Admin/Desktop/BellyUp/3d/table.dae", source: file:///C:/Program%20Files/AnyLogic%208.9%20Personal%20Learning%20Edition/plugins/com.anylogic.graphics3d_8.9.8.202602271015/static/init.js (13)
[0411/154220.034:INFO:CONSOLE(7)] "THREE.ColladaLoader: File version 1.4.0", source: file:///C:/Program%20Files/AnyLogic%208.9%20Personal%20Learning%20Edition/plugins/com.anylogic.graphics3d_8.9.8.202602271015/static/init.js (7)
[0411/154220.042:INFO:CONSOLE(13)] "Loaded: file:C:/Users/Admin/Desktop/BellyUp/3d/table_2.dae", source: file:///C:/Program%20Files/AnyLogic%208.9%20Personal%20Learning%20Edition/plugins/com.anylogic.graphics3d_8.9.8.202602271015/static/init.js (13)
[0411/154220.049:INFO:CONSOLE(13)] "Loaded: file:C:/Users/Admin/Desktop/BellyUp/3d/table_2.dae", source: file:///C:/Program%20Files/AnyLogic%208.9%20Personal%20Learning%20Edition/plugins/com.anylogic.graphics3d_8.9.8.202602271015/static/init.js (13)
[0411/154220.061:INFO:CONSOLE(13)] "Loaded: file:C:/Users/Admin/Desktop/BellyUp/3d/table_2.dae", source: file:///C:/Program%20Files/AnyLogic%208.9%20Personal%20Learning%20Edition/plugins/com.anylogic.graphics3d_8.9.8.202602271015/static/init.js (13)
[0411/154220.071:INFO:CONSOLE(13)] "Loaded: file:C:/Users/Admin/Desktop/BellyUp/3d/table_2.dae", source: file:///C:/Program%20Files/AnyLogic%208.9%20Personal%20Learning%20Edition/plugins/com.anylogic.graphics3d_8.9.8.202602271015/static/init.js (13)
[0411/154220.091:INFO:CONSOLE(7)] "THREE.ColladaLoader: File version 1.4.0", source: file:///C:/Program%20Files/AnyLogic%208.9%20Personal%20Learning%20Edition/plugins/com.anylogic.graphics3d_8.9.8.202602271015/static/init.js (7)
[0411/154220.102:INFO:CONSOLE(13)] "Loaded: file:C:/Users/Admin/Desktop/BellyUp/3d/cnc_rolling_machine_3_state_1.dae", source: file:///C:/Program%20Files/AnyLogic%208.9%20Personal%20Learning%20Edition/plugins/com.anylogic.graphics3d_8.9.8.202602271015/static/init.js (13)
[0411/154220.102:INFO:CONSOLE(13)] "Loaded: file:C:/Users/Admin/Desktop/BellyUp/3d/cnc_rolling_machine_3_state_1.dae", source: file:///C:/Program%20Files/AnyLogic%208.9%20Personal%20Learning%20Edition/plugins/com.anylogic.graphics3d_8.9.8.202602271015/static/init.js (13)
[0411/154355.327:INFO:CONSOLE(7)] "THREE.ColladaLoader: File version 1.4.0", source: file:///C:/Program%20Files/AnyLogic%208.9%20Personal%20Learning%20Edition/plugins/com.anylogic.graphics3d_8.9.8.202602271015/static/init.js (7)
[0411/154355.403:INFO:CONSOLE(13)] "Loaded: file:C:/Users/Admin/Desktop/BellyUp/3d/doctor.dae", source: file:///C:/Program%20Files/AnyLogic%208.9%20Personal%20Learning%20Edition/plugins/com.anylogic.graphics3d_8.9.8.202602271015/static/init.js (13)
[0411/154355.415:INFO:CONSOLE(13)] "Loaded: file:C:/Users/Admin/Desktop/BellyUp/3d/doctor.dae", source: file:///C:/Program%20Files/AnyLogic%208.9%20Personal%20Learning%20Edition/plugins/com.anylogic.graphics3d_8.9.8.202602271015/static/init.js (13)
[0411/154355.478:INFO:CONSOLE(7)] "THREE.ColladaLoader: File version 1.4.0", source: file:///C:/Program%20Files/AnyLogic%208.9%20Personal%20Learning%20Edition/plugins/com.anylogic.graphics3d_8.9.8.202602271015/static/init.js (7)
[0411/154355.543:INFO:CONSOLE(13)] "Loaded: file:C:/Users/Admin/Desktop/BellyUp/3d/woman_1.dae", source: file:///C:/Program%20Files/AnyLogic%208.9%20Personal%20Learning%20Edition/plugins/com.anylogic.graphics3d_8.9.8.202602271015/static/init.js (13)
[0411/154355.550:INFO:CONSOLE(13)] "Loaded: file:C:/Users/Admin/Desktop/BellyUp/3d/woman_1.dae", source: file:///C:/Program%20Files/AnyLogic%208.9%20Personal%20Learning%20Edition/plugins/com.anylogic.graphics3d_8.9.8.202602271015/static/init.js (13)
[0411/154355.604:INFO:CONSOLE(7)] "THREE.ColladaLoader: File version 1.4.0", source: file:///C:/Program%20Files/AnyLogic%208.9%20Personal%20Learning%20Edition/plugins/com.anylogic.graphics3d_8.9.8.202602271015/static/init.js (7)
[0411/154355.649:INFO:CONSOLE(13)] "Loaded: file:C:/Users/Admin/Desktop/BellyUp/3d/person.dae", source: file:///C:/Program%20Files/AnyLogic%208.9%20Personal%20Learning%20Edition/plugins/com.anylogic.graphics3d_8.9.8.202602271015/static/init.js (13)
[0411/154355.656:INFO:CONSOLE(13)] "Loaded: file:C:/Users/Admin/Desktop/BellyUp/3d/person.dae", source: file:///C:/Program%20Files/AnyLogic%208.9%20Personal%20Learning%20Edition/plugins/com.anylogic.graphics3d_8.9.8.202602271015/static/init.js (13)
[0411/154417.209:ERROR:gpu_init.cc(523)] Passthrough is not supported, GL is disabled, ANGLE is 
[0412/173349.987:INFO:CONSOLE(7)] "THREE.ColladaLoader: File version 1.4.0", source: file:///C:/Program%20Files/AnyLogic%208.9%20Personal%20Learning%20Edition/plugins/com.anylogic.graphics3d_8.9.8.202602271015/static/init.js (7)
[0412/173349.996:INFO:CONSOLE(13)] "Loaded: file:C:/Users/Admin/Desktop/BellyUp/3d/reseption_1.dae", source: file:///C:/Program%20Files/AnyLogic%208.9%20Personal%20Learning%20Edition/plugins/com.anylogic.graphics3d_8.9.8.202602271015/static/init.js (13)
[0412/173350.014:INFO:CONSOLE(13)] "Loaded: file:C:/Users/Admin/Desktop/BellyUp/3d/reseption_1.dae", source: file:///C:/Program%20Files/AnyLogic%208.9%20Personal%20Learning%20Edition/plugins/com.anylogic.graphics3d_8.9.8.202602271015/static/init.js (13)
[0412/173350.089:INFO:CONSOLE(7)] "THREE.ColladaLoader: File version 1.4.0", source: file:///C:/Program%20Files/AnyLogic%208.9%20Personal%20Learning%20Edition/plugins/com.anylogic.graphics3d_8.9.8.202602271015/static/init.js (7)
[0412/173350.111:INFO:CONSOLE(13)] "Loaded: file:C:/Users/Admin/Desktop/BellyUp/3d/table.dae", source: file:///C:/Program%20Files/AnyLogic%208.9%20Personal%20Learning%20Edition/plugins/com.anylogic.graphics3d_8.9.8.202602271015/static/init.js (13)
[0412/173350.116:INFO:CONSOLE(13)] "Loaded: file:C:/Users/Admin/Desktop/BellyUp/3d/table.dae", source: file:///C:/Program%20Files/AnyLogic%208.9%20Personal%20Learning%20Edition/plugins/com.anylogic.graphics3d_8.9.8.202602271015/static/init.js (13)
[0412/173350.134:INFO:CONSOLE(13)] "Loaded: file:C:/Users/Admin/Desktop/BellyUp/3d/table.dae", source: file:///C:/Program%20Files/AnyLogic%208.9%20Personal%20Learning%20Edition/plugins/com.anylogic.graphics3d_8.9.8.202602271015/static/init.js (13)
[0412/173350.157:INFO:CONSOLE(7)] "THREE.ColladaLoader: File version 1.4.0", source: file:///C:/Program%20Files/AnyLogic%208.9%20Personal%20Learning%20Edition/plugins/com.anylogic.graphics3d_8.9.8.202602271015/static/init.js (7)
[0412/173350.163:INFO:CONSOLE(13)] "Loaded: file:C:/Users/Admin/Desktop/BellyUp/3d/table_2.dae", source: file:///C:/Program%20Files/AnyLogic%208.9%20Personal%20Learning%20Edition/plugins/com.anylogic.graphics3d_8.9.8.202602271015/static/init.js (13)
[0412/173350.169:INFO:CONSOLE(13)] "Loaded: file:C:/Users/Admin/Desktop/BellyUp/3d/table_2.dae", source: file:///C:/Program%20Files/AnyLogic%208.9%20Personal%20Learning%20Edition/plugins/com.anylogic.graphics3d_8.9.8.202602271015/static/init.js (13)
[0412/173350.181:INFO:CONSOLE(13)] "Loaded: file:C:/Users/Admin/Desktop/BellyUp/3d/table_2.dae", source: file:///C:/Program%20Files/AnyLogic%208.9%20Personal%20Learning%20Edition/plugins/com.anylogic.graphics3d_8.9.8.202602271015/static/init.js (13)
[0412/173350.191:INFO:CONSOLE(13)] "Loaded: file:C:/Users/Admin/Desktop/BellyUp/3d/table_2.dae", source: file:///C:/Program%20Files/AnyLogic%208.9%20Personal%20Learning%20Edition/plugins/com.anylogic.graphics3d_8.9.8.202602271015/static/init.js (13)
[0412/173350.206:INFO:CONSOLE(7)] "THREE.ColladaLoader: File version 1.4.0", source: file:///C:/Program%20Files/AnyLogic%208.9%20Personal%20Learning%20Edition/plugins/com.anylogic.graphics3d_8.9.8.202602271015/static/init.js (7)
[0412/173350.214:INFO:CONSOLE(13)] "Loaded: file:C:/Users/Admin/Desktop/BellyUp/3d/cnc_rolling_machine_3_state_1.dae", source: file:///C:/Program%20Files/AnyLogic%208.9%20Personal%20Learning%20Edition/plugins/com.anylogic.graphics3d_8.9.8.202602271015/static/init.js (13)
[0412/173350.219:INFO:CONSOLE(13)] "Loaded: file:C:/Users/Admin/Desktop/BellyUp/3d/cnc_rolling_machine_3_state_1.dae", source: file:///C:/Program%20Files/AnyLogic%208.9%20Personal%20Learning%20Edition/plugins/com.anylogic.graphics3d_8.9.8.202602271015/static/init.js (13)
[0412/173411.896:INFO:CONSOLE(7)] "THREE.ColladaLoader: File version 1.4.0", source: file:///C:/Program%20Files/AnyLogic%208.9%20Personal%20Learning%20Edition/plugins/com.anylogic.graphics3d_8.9.8.202602271015/static/init.js (7)
[0412/173411.932:INFO:CONSOLE(13)] "Loaded: file:C:/Users/Admin/Desktop/BellyUp/3d/doctor.dae", source: file:///C:/Program%20Files/AnyLogic%208.9%20Personal%20Learning%20Edition/plugins/com.anylogic.graphics3d_8.9.8.202602271015/static/init.js (13)
[0412/173411.945:INFO:CONSOLE(13)] "Loaded: file:C:/Users/Admin/Desktop/BellyUp/3d/doctor.dae", source: file:///C:/Program%20Files/AnyLogic%208.9%20Personal%20Learning%20Edition/plugins/com.anylogic.graphics3d_8.9.8.202602271015/static/init.js (13)
[0412/173412.016:INFO:CONSOLE(7)] "THREE.ColladaLoader: File version 1.4.0", source: file:///C:/Program%20Files/AnyLogic%208.9%20Personal%20Learning%20Edition/plugins/com.anylogic.graphics3d_8.9.8.202602271015/static/init.js (7)
[0412/173412.078:INFO:CONSOLE(13)] "Loaded: file:C:/Users/Admin/Desktop/BellyUp/3d/woman_1.dae", source: file:///C:/Program%20Files/AnyLogic%208.9%20Personal%20Learning%20Edition/plugins/com.anylogic.graphics3d_8.9.8.202602271015/static/init.js (13)
[0412/173412.093:INFO:CONSOLE(13)] "Loaded: file:C:/Users/Admin/Desktop/BellyUp/3d/woman_1.dae", source: file:///C:/Program%20Files/AnyLogic%208.9%20Personal%20Learning%20Edition/plugins/com.anylogic.graphics3d_8.9.8.202602271015/static/init.js (13)
[0412/173412.141:INFO:CONSOLE(7)] "THREE.ColladaLoader: File version 1.4.0", source: file:///C:/Program%20Files/AnyLogic%208.9%20Personal%20Learning%20Edition/plugins/com.anylogic.graphics3d_8.9.8.202602271015/static/init.js (7)
[0412/173412.171:INFO:CONSOLE(13)] "Loaded: file:C:/Users/Admin/Desktop/BellyUp/3d/person.dae", source: file:///C:/Program%20Files/AnyLogic%208.9%20Personal%20Learning%20Edition/plugins/com.anylogic.graphics3d_8.9.8.202602271015/static/init.js (13)
[0412/173412.180:INFO:CONSOLE(13)] "Loaded: file:C:/Users/Admin/Desktop/BellyUp/3d/person.dae", source: file:///C:/Program%20Files/AnyLogic%208.9%20Personal%20Learning%20Edition/plugins/com.anylogic.graphics3d_8.9.8.202602271015/static/init.js (13)
[0412/173547.998:ERROR:gpu_init.cc(523)] Passthrough is not supported, GL is disabled, ANGLE is 
